============================================================
  Oil Analysis Dashboard
  Crawling: yfinance + EIA + ArcGIS Hormuz + straits.live
  Open: http://localhost:5000
============================================================
 * Serving Flask app 'app'
 * Debug mode: off
WARNING: This is a development server. Do not use it in a production deployment. Use a production WSGI server instead.
 * Running on all addresses (0.0.0.0)
 * Running on http://127.0.0.1:5000
 * Running on http://192.168.20.180:5000
Press CTRL+C to quit
127.0.0.1 - - [22/Jun/2026 19:51:02] "GET / HTTP/1.1" 200 -
127.0.0.1 - - [22/Jun/2026 19:51:34] "GET / HTTP/1.1" 200 -
127.0.0.1 - - [22/Jun/2026 19:51:53] "GET / HTTP/1.1" 200 -
127.0.0.1 - - [22/Jun/2026 19:53:39] "GET / HTTP/1.1" 200 -
127.0.0.1 - - [22/Jun/2026 19:53:39] "GET /favicon.ico HTTP/1.1" 404 -
127.0.0.1 - - [22/Jun/2026 19:53:40] "GET /csv-list HTTP/1.1" 200 -
127.0.0.1 - - [22/Jun/2026 19:53:51] "GET / HTTP/1.1" 200 -
127.0.0.1 - - [22/Jun/2026 19:53:52] "GET /csv-list HTTP/1.1" 200 -
127.0.0.1 - - [22/Jun/2026 19:53:52] "GET /favicon.ico HTTP/1.1" 404 -
C:\Users\user\AppData\Local\Programs\Python\Python312\Lib\site-packages\joblib\externals\loky\backend\resource_tracker.py:359: UserWarning: resource_tracker: There appear to be 100 leaked folder objects to clean up at shutdown
  warnings.warn(
C:\Users\user\AppData\Local\Programs\Python\Python312\Lib\site-packages\joblib\externals\loky\backend\resource_tracker.py:375: UserWarning: resource_tracker: C:\Users\user\AppData\Local\Temp\joblib_memmapping_folder_4896_4c173502d5814d9cabcc5b616713f614_8c6b1ad118db4f01815d6cc2631ae5e9: FileNotFoundError(2, '지정된 경로를 찾을 수 없습니다')
  warnings.warn(f"resource_tracker: {name}: {e!r}")
C:\Users\user\AppData\Local\Programs\Python\Python312\Lib\site-packages\joblib\externals\loky\backend\resource_tracker.py:375: UserWarning: resource_tracker: C:\Users\user\AppData\Local\Temp\joblib_memmapping_folder_4896_4c173502d5814d9cabcc5b616713f614_7baa3df0a66c4dc7912fef487291b448: FileNotFoundError(2, '지정된 경로를 찾을 수 없습니다')
  warnings.warn(f"resource_tracker: {name}: {e!r}")
C:\Users\user\AppData\Local\Programs\Python\Python312\Lib\site-packages\joblib\externals\loky\backend\resource_tracker.py:375: UserWarning: resource_tracker: C:\Users\user\AppData\Local\Temp\joblib_memmapping_folder_4896_52275c4a951a45a9830091fa12b8c2f7_97bf5281947b4d73a84a0e5e84b91a5c: FileNotFoundError(2, '지정된 경로를 찾을 수 없습니다')
  warnings.warn(f"resource_tracker: {name}: {e!r}")
C:\Users\user\AppData\Local\Programs\Python\Python312\Lib\site-packages\joblib\externals\loky\backend\resource_tracker.py:375: UserWarning: resource_tracker: C:\Users\user\AppData\Local\Temp\joblib_memmapping_folder_4896_4c173502d5814d9cabcc5b616713f614_8ab78f0fd4484fe68f259aa543151e6b: FileNotFoundError(2, '지정된 경로를 찾을 수 없습니다')
  warnings.warn(f"resource_tracker: {name}: {e!r}")
C:\Users\user\AppData\Local\Programs\Python\Python312\Lib\site-packages\joblib\externals\loky\backend\resource_tracker.py:375: UserWarning: resource_tracker: C:\Users\user\AppData\Local\Temp\joblib_memmapping_folder_4896_0b775aa5b97c4d54a5f46f3f5d835c25_5bd7b8fb87534ccab13266e635a86a60: FileNotFoundError(2, '지정된 경로를 찾을 수 없습니다')
  warnings.warn(f"resource_tracker: {name}: {e!r}")
C:\Users\user\AppData\Local\Programs\Python\Python312\Lib\site-packages\joblib\externals\loky\backend\resource_tracker.py:375: UserWarning: resource_tracker: C:\Users\user\AppData\Local\Temp\joblib_memmapping_folder_4896_4c173502d5814d9cabcc5b616713f614_7583cdc6f05f4774b7f308b5fee9cf41: FileNotFoundError(2, '지정된 경로를 찾을 수 없습니다')
  warnings.warn(f"resource_tracker: {name}: {e!r}")
C:\Users\user\AppData\Local\Programs\Python\Python312\Lib\site-packages\joblib\externals\loky\backend\resource_tracker.py:375: UserWarning: resource_tracker: C:\Users\user\AppData\Local\Temp\joblib_memmapping_folder_4896_d04a0ce85c14416798f8e92dccbbb734_eb9591f54b774b26aace42a70fbbe138: FileNotFoundError(2, '지정된 경로를 찾을 수 없습니다')
  warnings.warn(f"resource_tracker: {name}: {e!r}")
C:\Users\user\AppData\Local\Programs\Python\Python312\Lib\site-packages\joblib\externals\loky\backend\resource_tracker.py:375: UserWarning: resource_tracker: C:\Users\user\AppData\Local\Temp\joblib_memmapping_folder_4896_4c173502d5814d9cabcc5b616713f614_1923213d133a4aafb0ccf5b53333ae53: FileNotFoundError(2, '지정된 경로를 찾을 수 없습니다')
  warnings.warn(f"resource_tracker: {name}: {e!r}")
C:\Users\user\AppData\Local\Programs\Python\Python312\Lib\site-packages\joblib\externals\loky\backend\resource_tracker.py:375: UserWarning: resource_tracker: C:\Users\user\AppData\Local\Temp\joblib_memmapping_folder_4896_7d465d077b3f4227a9ec5469ce17ef94_e58c0829ee284614bff26a25b8fc8a86: FileNotFoundError(2, '지정된 경로를 찾을 수 없습니다')
  warnings.warn(f"resource_tracker: {name}: {e!r}")
C:\Users\user\AppData\Local\Programs\Python\Python312\Lib\site-packages\joblib\externals\loky\backend\resource_tracker.py:375: UserWarning: resource_tracker: C:\Users\user\AppData\Local\Temp\joblib_memmapping_folder_4896_4c173502d5814d9cabcc5b616713f614_00d7e9b146ab4cb8ab0a88bdb12c18b4: FileNotFoundError(2, '지정된 경로를 찾을 수 없습니다')
  warnings.warn(f"resource_tracker: {name}: {e!r}")
C:\Users\user\AppData\Local\Programs\Python\Python312\Lib\site-packages\joblib\externals\loky\backend\resource_tracker.py:375: UserWarning: resource_tracker: C:\Users\user\AppData\Local\Temp\joblib_memmapping_folder_4896_432f062c5eee40b194a3ed713b6c8560_f60edece016d4ecdafb78b25ab882d9b: FileNotFoundError(2, '지정된 경로를 찾을 수 없습니다')
  warnings.warn(f"resource_tracker: {name}: {e!r}")
C:\Users\user\AppData\Local\Programs\Python\Python312\Lib\site-packages\joblib\externals\loky\backend\resource_tracker.py:375: UserWarning: resource_tracker: C:\Users\user\AppData\Local\Temp\joblib_memmapping_folder_4896_4c173502d5814d9cabcc5b616713f614_ff32316169a84ae0a8481970e009ddf1: FileNotFoundError(2, '지정된 경로를 찾을 수 없습니다')
  warnings.warn(f"resource_tracker: {name}: {e!r}")
C:\Users\user\AppData\Local\Programs\Python\Python312\Lib\site-packages\joblib\externals\loky\backend\resource_tracker.py:375: UserWarning: resource_tracker: C:\Users\user\AppData\Local\Temp\joblib_memmapping_folder_4896_3206bf7b95de4500acc8892fd1f0f848_b525f2ecd2834f3da7f6bb9e7d095e0e: FileNotFoundError(2, '지정된 경로를 찾을 수 없습니다')
  warnings.warn(f"resource_tracker: {name}: {e!r}")
C:\Users\user\AppData\Local\Programs\Python\Python312\Lib\site-packages\joblib\externals\loky\backend\resource_tracker.py:375: UserWarning: resource_tracker: C:\Users\user\AppData\Local\Temp\joblib_memmapping_folder_4896_4c173502d5814d9cabcc5b616713f614_b51f1cba68cf43248bce429c19726236: FileNotFoundError(2, '지정된 경로를 찾을 수 없습니다')
  warnings.warn(f"resource_tracker: {name}: {e!r}")
C:\Users\user\AppData\Local\Programs\Python\Python312\Lib\site-packages\joblib\externals\loky\backend\resource_tracker.py:375: UserWarning: resource_tracker: C:\Users\user\AppData\Local\Temp\joblib_memmapping_folder_4896_8c6876cd42004e91926a6c58ba93db1b_e77214fb2ec045ae8b8acebd9d8b4307: FileNotFoundError(2, '지정된 경로를 찾을 수 없습니다')
  warnings.warn(f"resource_tracker: {name}: {e!r}")
C:\Users\user\AppData\Local\Programs\Python\Python312\Lib\site-packages\joblib\externals\loky\backend\resource_tracker.py:375: UserWarning: resource_tracker: C:\Users\user\AppData\Local\Temp\joblib_memmapping_folder_4896_4c173502d5814d9cabcc5b616713f614_24d588e310a648adb3c7caf5ce65f798: FileNotFoundError(2, '지정된 경로를 찾을 수 없습니다')
  warnings.warn(f"resource_tracker: {name}: {e!r}")
C:\Users\user\AppData\Local\Programs\Python\Python312\Lib\site-packages\joblib\externals\loky\backend\resource_tracker.py:375: UserWarning: resource_tracker: C:\Users\user\AppData\Local\Temp\joblib_memmapping_folder_4896_bcbdfb2a1b794bcaac10a6f7af06e030_db0d4c93c4fa4b65a3bec44dc8e56e6d: FileNotFoundError(2, '지정된 경로를 찾을 수 없습니다')
  warnings.warn(f"resource_tracker: {name}: {e!r}")
C:\Users\user\AppData\Local\Programs\Python\Python312\Lib\site-packages\joblib\externals\loky\backend\resource_tracker.py:375: UserWarning: resource_tracker: C:\Users\user\AppData\Local\Temp\joblib_memmapping_folder_4896_4c173502d5814d9cabcc5b616713f614_3f70e0b63d1c429594dc07457f09c39a: FileNotFoundError(2, '지정된 경로를 찾을 수 없습니다')
  warnings.warn(f"resource_tracker: {name}: {e!r}")
C:\Users\user\AppData\Local\Programs\Python\Python312\Lib\site-packages\joblib\externals\loky\backend\resource_tracker.py:375: UserWarning: resource_tracker: C:\Users\user\AppData\Local\Temp\joblib_memmapping_folder_4896_133e317f02d64afe8dc27401b2666792_3fc5252b210545a3bebfc8c990d1f42b: FileNotFoundError(2, '지정된 경로를 찾을 수 없습니다')
  warnings.warn(f"resource_tracker: {name}: {e!r}")
C:\Users\user\AppData\Local\Programs\Python\Python312\Lib\site-packages\joblib\externals\loky\backend\resource_tracker.py:375: UserWarning: resource_tracker: C:\Users\user\AppData\Local\Temp\joblib_memmapping_folder_4896_4c173502d5814d9cabcc5b616713f614_3dbb8ebffbc040f4b4c974d58c32672c: FileNotFoundError(2, '지정된 경로를 찾을 수 없습니다')
  warnings.warn(f"resource_tracker: {name}: {e!r}")
C:\Users\user\AppData\Local\Programs\Python\Python312\Lib\site-packages\joblib\externals\loky\backend\resource_tracker.py:375: UserWarning: resource_tracker: C:\Users\user\AppData\Local\Temp\joblib_memmapping_folder_4896_4b1438c1432c422bb07f98d871e344e6_9a87df64ab39405bad8e3b87c39867fc: FileNotFoundError(2, '지정된 경로를 찾을 수 없습니다')
  warnings.warn(f"resource_tracker: {name}: {e!r}")
C:\Users\user\AppData\Local\Programs\Python\Python312\Lib\site-packages\joblib\externals\loky\backend\resource_tracker.py:375: UserWarning: resource_tracker: C:\Users\user\AppData\Local\Temp\joblib_memmapping_folder_4896_4c173502d5814d9cabcc5b616713f614_47167976746849e29d85fac295c5f3aa: FileNotFoundError(2, '지정된 경로를 찾을 수 없습니다')
  warnings.warn(f"resource_tracker: {name}: {e!r}")
C:\Users\user\AppData\Local\Programs\Python\Python312\Lib\site-packages\joblib\externals\loky\backend\resource_tracker.py:375: UserWarning: resource_tracker: C:\Users\user\AppData\Local\Temp\joblib_memmapping_folder_4896_5bfb4681e4a147818d94cea855635e9e_056c80d803bb4f96a38a79533fbf4056: FileNotFoundError(2, '지정된 경로를 찾을 수 없습니다')
  warnings.warn(f"resource_tracker: {name}: {e!r}")
C:\Users\user\AppData\Local\Programs\Python\Python312\Lib\site-packages\joblib\externals\loky\backend\resource_tracker.py:375: UserWarning: resource_tracker: C:\Users\user\AppData\Local\Temp\joblib_memmapping_folder_4896_4c173502d5814d9cabcc5b616713f614_7d06435e00a34cf09e04d530af9acdf2: FileNotFoundError(2, '지정된 경로를 찾을 수 없습니다')
  warnings.warn(f"resource_tracker: {name}: {e!r}")
C:\Users\user\AppData\Local\Programs\Python\Python312\Lib\site-packages\joblib\externals\loky\backend\resource_tracker.py:375: UserWarning: resource_tracker: C:\Users\user\AppData\Local\Temp\joblib_memmapping_folder_4896_de96e05fa56340608ff4d0edc8d3dab5_f785affcee094964b3caed7d8af9f0f3: FileNotFoundError(2, '지정된 경로를 찾을 수 없습니다')
  warnings.warn(f"resource_tracker: {name}: {e!r}")
C:\Users\user\AppData\Local\Programs\Python\Python312\Lib\site-packages\joblib\externals\loky\backend\resource_tracker.py:375: UserWarning: resource_tracker: C:\Users\user\AppData\Local\Temp\joblib_memmapping_folder_4896_4c173502d5814d9cabcc5b616713f614_40a2b16043e546ce8154df423964201f: FileNotFoundError(2, '지정된 경로를 찾을 수 없습니다')
  warnings.warn(f"resource_tracker: {name}: {e!r}")
C:\Users\user\AppData\Local\Programs\Python\Python312\Lib\site-packages\joblib\externals\loky\backend\resource_tracker.py:375: UserWarning: resource_tracker: C:\Users\user\AppData\Local\Temp\joblib_memmapping_folder_4896_72005b091ff1455cbe44fd9f3a9e6f10_16138de8f5e24f04a11bebf98a2ec683: FileNotFoundError(2, '지정된 경로를 찾을 수 없습니다')
  warnings.warn(f"resource_tracker: {name}: {e!r}")
C:\Users\user\AppData\Local\Programs\Python\Python312\Lib\site-packages\joblib\externals\loky\backend\resource_tracker.py:375: UserWarning: resource_tracker: C:\Users\user\AppData\Local\Temp\joblib_memmapping_folder_4896_4c173502d5814d9cabcc5b616713f614_4580803f5021430aaf1280f32baa8371: FileNotFoundError(2, '지정된 경로를 찾을 수 없습니다')
  warnings.warn(f"resource_tracker: {name}: {e!r}")
C:\Users\user\AppData\Local\Programs\Python\Python312\Lib\site-packages\joblib\externals\loky\backend\resource_tracker.py:375: UserWarning: resource_tracker: C:\Users\user\AppData\Local\Temp\joblib_memmapping_folder_4896_84d7e252697140a7abc457448270f7df_cf3acebe6f9746b99de470ad1e7b944b: FileNotFoundError(2, '지정된 경로를 찾을 수 없습니다')
  warnings.warn(f"resource_tracker: {name}: {e!r}")
C:\Users\user\AppData\Local\Programs\Python\Python312\Lib\site-packages\joblib\externals\loky\backend\resource_tracker.py:375: UserWarning: resource_tracker: C:\Users\user\AppData\Local\Temp\joblib_memmapping_folder_4896_4c173502d5814d9cabcc5b616713f614_4b39bd4b5b034669a33bc85c13f3208b: FileNotFoundError(2, '지정된 경로를 찾을 수 없습니다')
  warnings.warn(f"resource_tracker: {name}: {e!r}")
C:\Users\user\AppData\Local\Programs\Python\Python312\Lib\site-packages\joblib\externals\loky\backend\resource_tracker.py:375: UserWarning: resource_tracker: C:\Users\user\AppData\Local\Temp\joblib_memmapping_folder_4896_0f61f44e6b3f4abc82a5a8c14fbf25d4_6386baa0f3d843a5bf1ad0cb9341c648: FileNotFoundError(2, '지정된 경로를 찾을 수 없습니다')
  warnings.warn(f"resource_tracker: {name}: {e!r}")
C:\Users\user\AppData\Local\Programs\Python\Python312\Lib\site-packages\joblib\externals\loky\backend\resource_tracker.py:375: UserWarning: resource_tracker: C:\Users\user\AppData\Local\Temp\joblib_memmapping_folder_4896_4c173502d5814d9cabcc5b616713f614_798b75a696f04515ac65ee66e099aec2: FileNotFoundError(2, '지정된 경로를 찾을 수 없습니다')
  warnings.warn(f"resource_tracker: {name}: {e!r}")
C:\Users\user\AppData\Local\Programs\Python\Python312\Lib\site-packages\joblib\externals\loky\backend\resource_tracker.py:375: UserWarning: resource_tracker: C:\Users\user\AppData\Local\Temp\joblib_memmapping_folder_4896_d6df512b134845eda992bceba899ec5d_9ea3e176a76a4fd9a72d9d943b168a6f: FileNotFoundError(2, '지정된 경로를 찾을 수 없습니다')
  warnings.warn(f"resource_tracker: {name}: {e!r}")
C:\Users\user\AppData\Local\Programs\Python\Python312\Lib\site-packages\joblib\externals\loky\backend\resource_tracker.py:375: UserWarning: resource_tracker: C:\Users\user\AppData\Local\Temp\joblib_memmapping_folder_4896_4c173502d5814d9cabcc5b616713f614_d0176a9f59574378a112e7497d8e99e8: FileNotFoundError(2, '지정된 경로를 찾을 수 없습니다')
  warnings.warn(f"resource_tracker: {name}: {e!r}")
C:\Users\user\AppData\Local\Programs\Python\Python312\Lib\site-packages\joblib\externals\loky\backend\resource_tracker.py:375: UserWarning: resource_tracker: C:\Users\user\AppData\Local\Temp\joblib_memmapping_folder_4896_d0e9731add414d1589cf0339067bf9ef_90f99ac47710460981eb7c214c64fa59: FileNotFoundError(2, '지정된 경로를 찾을 수 없습니다')
  warnings.warn(f"resource_tracker: {name}: {e!r}")
C:\Users\user\AppData\Local\Programs\Python\Python312\Lib\site-packages\joblib\externals\loky\backend\resource_tracker.py:375: UserWarning: resource_tracker: C:\Users\user\AppData\Local\Temp\joblib_memmapping_folder_4896_4c173502d5814d9cabcc5b616713f614_9c0205dba1304e5393585b8e85b13739: FileNotFoundError(2, '지정된 경로를 찾을 수 없습니다')
  warnings.warn(f"resource_tracker: {name}: {e!r}")
C:\Users\user\AppData\Local\Programs\Python\Python312\Lib\site-packages\joblib\externals\loky\backend\resource_tracker.py:375: UserWarning: resource_tracker: C:\Users\user\AppData\Local\Temp\joblib_memmapping_folder_4896_ea5acf464eb24cf28a670ba699fa4e2f_d86ca60b4690442b9c3ec81d9535d127: FileNotFoundError(2, '지정된 경로를 찾을 수 없습니다')
  warnings.warn(f"resource_tracker: {name}: {e!r}")
C:\Users\user\AppData\Local\Programs\Python\Python312\Lib\site-packages\joblib\externals\loky\backend\resource_tracker.py:375: UserWarning: resource_tracker: C:\Users\user\AppData\Local\Temp\joblib_memmapping_folder_4896_4c173502d5814d9cabcc5b616713f614_60480d807549400c83ffc014c8d56006: FileNotFoundError(2, '지정된 경로를 찾을 수 없습니다')
  warnings.warn(f"resource_tracker: {name}: {e!r}")
C:\Users\user\AppData\Local\Programs\Python\Python312\Lib\site-packages\joblib\externals\loky\backend\resource_tracker.py:375: UserWarning: resource_tracker: C:\Users\user\AppData\Local\Temp\joblib_memmapping_folder_4896_82d0f5363f9c4eea937cc375f8f1237b_f1e134786fb5467cac2ee79da56c3d2e: FileNotFoundError(2, '지정된 경로를 찾을 수 없습니다')
  warnings.warn(f"resource_tracker: {name}: {e!r}")
C:\Users\user\AppData\Local\Programs\Python\Python312\Lib\site-packages\joblib\externals\loky\backend\resource_tracker.py:375: UserWarning: resource_tracker: C:\Users\user\AppData\Local\Temp\joblib_memmapping_folder_4896_4c173502d5814d9cabcc5b616713f614_1f37af54d15b45a5b6e98b441b1970d9: FileNotFoundError(2, '지정된 경로를 찾을 수 없습니다')
  warnings.warn(f"resource_tracker: {name}: {e!r}")
C:\Users\user\AppData\Local\Programs\Python\Python312\Lib\site-packages\joblib\externals\loky\backend\resource_tracker.py:375: UserWarning: resource_tracker: C:\Users\user\AppData\Local\Temp\joblib_memmapping_folder_4896_ca9f44b87b9b41e7a6acf3dd2500e64e_216fd80d9330494794d4111ac1125604: FileNotFoundError(2, '지정된 경로를 찾을 수 없습니다')
  warnings.warn(f"resource_tracker: {name}: {e!r}")
C:\Users\user\AppData\Local\Programs\Python\Python312\Lib\site-packages\joblib\externals\loky\backend\resource_tracker.py:375: UserWarning: resource_tracker: C:\Users\user\AppData\Local\Temp\joblib_memmapping_folder_4896_4c173502d5814d9cabcc5b616713f614_93e1e26a89514aabafa0cfef1c52214c: FileNotFoundError(2, '지정된 경로를 찾을 수 없습니다')
  warnings.warn(f"resource_tracker: {name}: {e!r}")
C:\Users\user\AppData\Local\Programs\Python\Python312\Lib\site-packages\joblib\externals\loky\backend\resource_tracker.py:375: UserWarning: resource_tracker: C:\Users\user\AppData\Local\Temp\joblib_memmapping_folder_4896_8affb910743c4e89ab97f8cc8af8a647_e911e3ec00f24fccb4e7064ec88e8672: FileNotFoundError(2, '지정된 경로를 찾을 수 없습니다')
  warnings.warn(f"resource_tracker: {name}: {e!r}")
C:\Users\user\AppData\Local\Programs\Python\Python312\Lib\site-packages\joblib\externals\loky\backend\resource_tracker.py:375: UserWarning: resource_tracker: C:\Users\user\AppData\Local\Temp\joblib_memmapping_folder_4896_4c173502d5814d9cabcc5b616713f614_fff4f81bb4824f5e8b94ab64b31cc681: FileNotFoundError(2, '지정된 경로를 찾을 수 없습니다')
  warnings.warn(f"resource_tracker: {name}: {e!r}")
C:\Users\user\AppData\Local\Programs\Python\Python312\Lib\site-packages\joblib\externals\loky\backend\resource_tracker.py:375: UserWarning: resource_tracker: C:\Users\user\AppData\Local\Temp\joblib_memmapping_folder_4896_3bb01c4f0e3646f8b3fff47630692d77_61807ae4d35b43fd99141e1c89a55a68: FileNotFoundError(2, '지정된 경로를 찾을 수 없습니다')
  warnings.warn(f"resource_tracker: {name}: {e!r}")
C:\Users\user\AppData\Local\Programs\Python\Python312\Lib\site-packages\joblib\externals\loky\backend\resource_tracker.py:375: UserWarning: resource_tracker: C:\Users\user\AppData\Local\Temp\joblib_memmapping_folder_4896_4c173502d5814d9cabcc5b616713f614_ef24b16db3724e47b4a296c1a2b3a04b: FileNotFoundError(2, '지정된 경로를 찾을 수 없습니다')
  warnings.warn(f"resource_tracker: {name}: {e!r}")
C:\Users\user\AppData\Local\Programs\Python\Python312\Lib\site-packages\joblib\externals\loky\backend\resource_tracker.py:375: UserWarning: resource_tracker: C:\Users\user\AppData\Local\Temp\joblib_memmapping_folder_4896_93f7df31089a4407a3c29c3cf1f53a0d_8a2b5fb293664da6b61421fdf78f13df: FileNotFoundError(2, '지정된 경로를 찾을 수 없습니다')
  warnings.warn(f"resource_tracker: {name}: {e!r}")
C:\Users\user\AppData\Local\Programs\Python\Python312\Lib\site-packages\joblib\externals\loky\backend\resource_tracker.py:375: UserWarning: resource_tracker: C:\Users\user\AppData\Local\Temp\joblib_memmapping_folder_4896_4c173502d5814d9cabcc5b616713f614_892bb7d31c684344b1c233fb6952a675: FileNotFoundError(2, '지정된 경로를 찾을 수 없습니다')
  warnings.warn(f"resource_tracker: {name}: {e!r}")
C:\Users\user\AppData\Local\Programs\Python\Python312\Lib\site-packages\joblib\externals\loky\backend\resource_tracker.py:375: UserWarning: resource_tracker: C:\Users\user\AppData\Local\Temp\joblib_memmapping_folder_4896_06738e217d934c37a56a9b639bd6e526_35b224e086a648409bb4aea64a79d7ee: FileNotFoundError(2, '지정된 경로를 찾을 수 없습니다')
  warnings.warn(f"resource_tracker: {name}: {e!r}")
C:\Users\user\AppData\Local\Programs\Python\Python312\Lib\site-packages\joblib\externals\loky\backend\resource_tracker.py:375: UserWarning: resource_tracker: C:\Users\user\AppData\Local\Temp\joblib_memmapping_folder_4896_4c173502d5814d9cabcc5b616713f614_d624dbe6f0c94894be140a85fe350325: FileNotFoundError(2, '지정된 경로를 찾을 수 없습니다')
  warnings.warn(f"resource_tracker: {name}: {e!r}")
C:\Users\user\AppData\Local\Programs\Python\Python312\Lib\site-packages\joblib\externals\loky\backend\resource_tracker.py:375: UserWarning: resource_tracker: C:\Users\user\AppData\Local\Temp\joblib_memmapping_folder_4896_a504d4fd5eca49e08a353feeb3f00b1a_9ec1408baf504843ba866492de306a76: FileNotFoundError(2, '지정된 경로를 찾을 수 없습니다')
  warnings.warn(f"resource_tracker: {name}: {e!r}")
C:\Users\user\AppData\Local\Programs\Python\Python312\Lib\site-packages\joblib\externals\loky\backend\resource_tracker.py:375: UserWarning: resource_tracker: C:\Users\user\AppData\Local\Temp\joblib_memmapping_folder_4896_4c173502d5814d9cabcc5b616713f614_077e5d9e15a2468a948056c6501b9a69: FileNotFoundError(2, '지정된 경로를 찾을 수 없습니다')
  warnings.warn(f"resource_tracker: {name}: {e!r}")
C:\Users\user\AppData\Local\Programs\Python\Python312\Lib\site-packages\joblib\externals\loky\backend\resource_tracker.py:375: UserWarning: resource_tracker: C:\Users\user\AppData\Local\Temp\joblib_memmapping_folder_4896_43125e489d654a61ad3223035c736e43_f549606807864b9e96b06ccebea5983e: FileNotFoundError(2, '지정된 경로를 찾을 수 없습니다')
  warnings.warn(f"resource_tracker: {name}: {e!r}")
C:\Users\user\AppData\Local\Programs\Python\Python312\Lib\site-packages\joblib\externals\loky\backend\resource_tracker.py:375: UserWarning: resource_tracker: C:\Users\user\AppData\Local\Temp\joblib_memmapping_folder_4896_4c173502d5814d9cabcc5b616713f614_5866fc7ff7c24b7eb28a195a8b4d69fe: FileNotFoundError(2, '지정된 경로를 찾을 수 없습니다')
  warnings.warn(f"resource_tracker: {name}: {e!r}")
C:\Users\user\AppData\Local\Programs\Python\Python312\Lib\site-packages\joblib\externals\loky\backend\resource_tracker.py:375: UserWarning: resource_tracker: C:\Users\user\AppData\Local\Temp\joblib_memmapping_folder_4896_2e96efbd9bd94fd8b59c63a8ee70df89_d46a1f5cd9dc4f239ebc2642086def95: FileNotFoundError(2, '지정된 경로를 찾을 수 없습니다')
  warnings.warn(f"resource_tracker: {name}: {e!r}")
C:\Users\user\AppData\Local\Programs\Python\Python312\Lib\site-packages\joblib\externals\loky\backend\resource_tracker.py:375: UserWarning: resource_tracker: C:\Users\user\AppData\Local\Temp\joblib_memmapping_folder_4896_4c173502d5814d9cabcc5b616713f614_134bdf94847249dab9ac66af018c3ce5: FileNotFoundError(2, '지정된 경로를 찾을 수 없습니다')
  warnings.warn(f"resource_tracker: {name}: {e!r}")
C:\Users\user\AppData\Local\Programs\Python\Python312\Lib\site-packages\joblib\externals\loky\backend\resource_tracker.py:375: UserWarning: resource_tracker: C:\Users\user\AppData\Local\Temp\joblib_memmapping_folder_4896_606cc64df4d54389beae49a6dd106df7_012b11e344004e4e832de03ee978688d: FileNotFoundError(2, '지정된 경로를 찾을 수 없습니다')
  warnings.warn(f"resource_tracker: {name}: {e!r}")
C:\Users\user\AppData\Local\Programs\Python\Python312\Lib\site-packages\joblib\externals\loky\backend\resource_tracker.py:375: UserWarning: resource_tracker: C:\Users\user\AppData\Local\Temp\joblib_memmapping_folder_4896_4c173502d5814d9cabcc5b616713f614_777d828e9897439797869adc9fb50912: FileNotFoundError(2, '지정된 경로를 찾을 수 없습니다')
  warnings.warn(f"resource_tracker: {name}: {e!r}")
C:\Users\user\AppData\Local\Programs\Python\Python312\Lib\site-packages\joblib\externals\loky\backend\resource_tracker.py:375: UserWarning: resource_tracker: C:\Users\user\AppData\Local\Temp\joblib_memmapping_folder_4896_7e5744acf5a94e628ec4add327a73df7_2ab6822c35954baebea3675c44f98346: FileNotFoundError(2, '지정된 경로를 찾을 수 없습니다')
  warnings.warn(f"resource_tracker: {name}: {e!r}")
C:\Users\user\AppData\Local\Programs\Python\Python312\Lib\site-packages\joblib\externals\loky\backend\resource_tracker.py:375: UserWarning: resource_tracker: C:\Users\user\AppData\Local\Temp\joblib_memmapping_folder_4896_4c173502d5814d9cabcc5b616713f614_51c8022f06364729b9a023e82f04a541: FileNotFoundError(2, '지정된 경로를 찾을 수 없습니다')
  warnings.warn(f"resource_tracker: {name}: {e!r}")
C:\Users\user\AppData\Local\Programs\Python\Python312\Lib\site-packages\joblib\externals\loky\backend\resource_tracker.py:375: UserWarning: resource_tracker: C:\Users\user\AppData\Local\Temp\joblib_memmapping_folder_4896_80f7e4973bea479aacca62d1b83d9dc9_518ca60776e64e019bbb703c415f7cd0: FileNotFoundError(2, '지정된 경로를 찾을 수 없습니다')
  warnings.warn(f"resource_tracker: {name}: {e!r}")
C:\Users\user\AppData\Local\Programs\Python\Python312\Lib\site-packages\joblib\externals\loky\backend\resource_tracker.py:375: UserWarning: resource_tracker: C:\Users\user\AppData\Local\Temp\joblib_memmapping_folder_4896_4c173502d5814d9cabcc5b616713f614_6cd486a1bb1646e984e6e18babb6b9d2: FileNotFoundError(2, '지정된 경로를 찾을 수 없습니다')
  warnings.warn(f"resource_tracker: {name}: {e!r}")
C:\Users\user\AppData\Local\Programs\Python\Python312\Lib\site-packages\joblib\externals\loky\backend\resource_tracker.py:375: UserWarning: resource_tracker: C:\Users\user\AppData\Local\Temp\joblib_memmapping_folder_4896_cf6fd867c499441c8d8b5cca7fe1329b_ea85665b8e66420696ae01683c2e508a: FileNotFoundError(2, '지정된 경로를 찾을 수 없습니다')
  warnings.warn(f"resource_tracker: {name}: {e!r}")
C:\Users\user\AppData\Local\Programs\Python\Python312\Lib\site-packages\joblib\externals\loky\backend\resource_tracker.py:375: UserWarning: resource_tracker: C:\Users\user\AppData\Local\Temp\joblib_memmapping_folder_4896_4c173502d5814d9cabcc5b616713f614_a001559f77b940c789837fe3e2066e85: FileNotFoundError(2, '지정된 경로를 찾을 수 없습니다')
  warnings.warn(f"resource_tracker: {name}: {e!r}")
C:\Users\user\AppData\Local\Programs\Python\Python312\Lib\site-packages\joblib\externals\loky\backend\resource_tracker.py:375: UserWarning: resource_tracker: C:\Users\user\AppData\Local\Temp\joblib_memmapping_folder_4896_90c2b25e40a944aca0d6902adaf8b1a1_b90a4334a14043819d75119fbd0e96de: FileNotFoundError(2, '지정된 경로를 찾을 수 없습니다')
  warnings.warn(f"resource_tracker: {name}: {e!r}")
C:\Users\user\AppData\Local\Programs\Python\Python312\Lib\site-packages\joblib\externals\loky\backend\resource_tracker.py:375: UserWarning: resource_tracker: C:\Users\user\AppData\Local\Temp\joblib_memmapping_folder_4896_4c173502d5814d9cabcc5b616713f614_3a58e9b43a104580b464af29ca57a607: FileNotFoundError(2, '지정된 경로를 찾을 수 없습니다')
  warnings.warn(f"resource_tracker: {name}: {e!r}")
C:\Users\user\AppData\Local\Programs\Python\Python312\Lib\site-packages\joblib\externals\loky\backend\resource_tracker.py:375: UserWarning: resource_tracker: C:\Users\user\AppData\Local\Temp\joblib_memmapping_folder_4896_58f62fc5834f48f495c2b36ed8269cfa_c3aea26155bd47799cad54952e0c0247: FileNotFoundError(2, '지정된 경로를 찾을 수 없습니다')
  warnings.warn(f"resource_tracker: {name}: {e!r}")
C:\Users\user\AppData\Local\Programs\Python\Python312\Lib\site-packages\joblib\externals\loky\backend\resource_tracker.py:375: UserWarning: resource_tracker: C:\Users\user\AppData\Local\Temp\joblib_memmapping_folder_4896_4c173502d5814d9cabcc5b616713f614_9982d3f17d1944e183295164e1dc5d49: FileNotFoundError(2, '지정된 경로를 찾을 수 없습니다')
  warnings.warn(f"resource_tracker: {name}: {e!r}")
C:\Users\user\AppData\Local\Programs\Python\Python312\Lib\site-packages\joblib\externals\loky\backend\resource_tracker.py:375: UserWarning: resource_tracker: C:\Users\user\AppData\Local\Temp\joblib_memmapping_folder_4896_e882511b5f7c4645b0d787a2655b3506_74ac6d38bd364c259d4217987fd859dc: FileNotFoundError(2, '지정된 경로를 찾을 수 없습니다')
  warnings.warn(f"resource_tracker: {name}: {e!r}")
C:\Users\user\AppData\Local\Programs\Python\Python312\Lib\site-packages\joblib\externals\loky\backend\resource_tracker.py:375: UserWarning: resource_tracker: C:\Users\user\AppData\Local\Temp\joblib_memmapping_folder_4896_4c173502d5814d9cabcc5b616713f614_7e6a15c51bc64f28bbaa9799958c7add: FileNotFoundError(2, '지정된 경로를 찾을 수 없습니다')
  warnings.warn(f"resource_tracker: {name}: {e!r}")
C:\Users\user\AppData\Local\Programs\Python\Python312\Lib\site-packages\joblib\externals\loky\backend\resource_tracker.py:375: UserWarning: resource_tracker: C:\Users\user\AppData\Local\Temp\joblib_memmapping_folder_4896_73096710c4424f94b06ef9a9d5ba60c7_bb083f188b7f42a596c144f1850294cc: FileNotFoundError(2, '지정된 경로를 찾을 수 없습니다')
  warnings.warn(f"resource_tracker: {name}: {e!r}")
C:\Users\user\AppData\Local\Programs\Python\Python312\Lib\site-packages\joblib\externals\loky\backend\resource_tracker.py:375: UserWarning: resource_tracker: C:\Users\user\AppData\Local\Temp\joblib_memmapping_folder_4896_4c173502d5814d9cabcc5b616713f614_628aa25e69bf44d28e2bc5e943df47ca: FileNotFoundError(2, '지정된 경로를 찾을 수 없습니다')
  warnings.warn(f"resource_tracker: {name}: {e!r}")
C:\Users\user\AppData\Local\Programs\Python\Python312\Lib\site-packages\joblib\externals\loky\backend\resource_tracker.py:375: UserWarning: resource_tracker: C:\Users\user\AppData\Local\Temp\joblib_memmapping_folder_4896_aa23c07a60244b04baca35b867a8fa06_48f05e5470564683a27aebbb53ad7505: FileNotFoundError(2, '지정된 경로를 찾을 수 없습니다')
  warnings.warn(f"resource_tracker: {name}: {e!r}")
C:\Users\user\AppData\Local\Programs\Python\Python312\Lib\site-packages\joblib\externals\loky\backend\resource_tracker.py:375: UserWarning: resource_tracker: C:\Users\user\AppData\Local\Temp\joblib_memmapping_folder_4896_4c173502d5814d9cabcc5b616713f614_48f569096d064904a27350500231d8c1: FileNotFoundError(2, '지정된 경로를 찾을 수 없습니다')
  warnings.warn(f"resource_tracker: {name}: {e!r}")
C:\Users\user\AppData\Local\Programs\Python\Python312\Lib\site-packages\joblib\externals\loky\backend\resource_tracker.py:375: UserWarning: resource_tracker: C:\Users\user\AppData\Local\Temp\joblib_memmapping_folder_4896_af515b18ce98402a9468c20efa7bfeef_8eb6a8530549429baf95f40ac9814c6d: FileNotFoundError(2, '지정된 경로를 찾을 수 없습니다')
  warnings.warn(f"resource_tracker: {name}: {e!r}")
C:\Users\user\AppData\Local\Programs\Python\Python312\Lib\site-packages\joblib\externals\loky\backend\resource_tracker.py:375: UserWarning: resource_tracker: C:\Users\user\AppData\Local\Temp\joblib_memmapping_folder_4896_4c173502d5814d9cabcc5b616713f614_3552e6553bc746d89418421c1447e687: FileNotFoundError(2, '지정된 경로를 찾을 수 없습니다')
  warnings.warn(f"resource_tracker: {name}: {e!r}")
C:\Users\user\AppData\Local\Programs\Python\Python312\Lib\site-packages\joblib\externals\loky\backend\resource_tracker.py:375: UserWarning: resource_tracker: C:\Users\user\AppData\Local\Temp\joblib_memmapping_folder_4896_1e70905f142b447c82d8734739df7d15_2aedfeba5aea40778899e4a260343ffd: FileNotFoundError(2, '지정된 경로를 찾을 수 없습니다')
  warnings.warn(f"resource_tracker: {name}: {e!r}")
C:\Users\user\AppData\Local\Programs\Python\Python312\Lib\site-packages\joblib\externals\loky\backend\resource_tracker.py:375: UserWarning: resource_tracker: C:\Users\user\AppData\Local\Temp\joblib_memmapping_folder_4896_4c173502d5814d9cabcc5b616713f614_512d2ec5762a4f83a751b994d54ff599: FileNotFoundError(2, '지정된 경로를 찾을 수 없습니다')
  warnings.warn(f"resource_tracker: {name}: {e!r}")
C:\Users\user\AppData\Local\Programs\Python\Python312\Lib\site-packages\joblib\externals\loky\backend\resource_tracker.py:375: UserWarning: resource_tracker: C:\Users\user\AppData\Local\Temp\joblib_memmapping_folder_4896_556e4e9f58e64288a31165f1db706711_50db2207fd014acda366f564cb8b2668: FileNotFoundError(2, '지정된 경로를 찾을 수 없습니다')
  warnings.warn(f"resource_tracker: {name}: {e!r}")
C:\Users\user\AppData\Local\Programs\Python\Python312\Lib\site-packages\joblib\externals\loky\backend\resource_tracker.py:375: UserWarning: resource_tracker: C:\Users\user\AppData\Local\Temp\joblib_memmapping_folder_4896_4c173502d5814d9cabcc5b616713f614_33b2996a168c47f4bfa7169d59d97a84: FileNotFoundError(2, '지정된 경로를 찾을 수 없습니다')
  warnings.warn(f"resource_tracker: {name}: {e!r}")
C:\Users\user\AppData\Local\Programs\Python\Python312\Lib\site-packages\joblib\externals\loky\backend\resource_tracker.py:375: UserWarning: resource_tracker: C:\Users\user\AppData\Local\Temp\joblib_memmapping_folder_4896_01d3f00a4f54471aa7712349c64f165d_983ebc1843e94ec99509139f2b456f65: FileNotFoundError(2, '지정된 경로를 찾을 수 없습니다')
  warnings.warn(f"resource_tracker: {name}: {e!r}")
C:\Users\user\AppData\Local\Programs\Python\Python312\Lib\site-packages\joblib\externals\loky\backend\resource_tracker.py:375: UserWarning: resource_tracker: C:\Users\user\AppData\Local\Temp\joblib_memmapping_folder_4896_4c173502d5814d9cabcc5b616713f614_31502fc9f47942f980b7aaef571ae6bb: FileNotFoundError(2, '지정된 경로를 찾을 수 없습니다')
  warnings.warn(f"resource_tracker: {name}: {e!r}")
C:\Users\user\AppData\Local\Programs\Python\Python312\Lib\site-packages\joblib\externals\loky\backend\resource_tracker.py:375: UserWarning: resource_tracker: C:\Users\user\AppData\Local\Temp\joblib_memmapping_folder_4896_f04cd400a6e54bf7aebd1797c91822bb_4a30af13664f4472a4daf453bd7ed5ec: FileNotFoundError(2, '지정된 경로를 찾을 수 없습니다')
  warnings.warn(f"resource_tracker: {name}: {e!r}")
C:\Users\user\AppData\Local\Programs\Python\Python312\Lib\site-packages\joblib\externals\loky\backend\resource_tracker.py:375: UserWarning: resource_tracker: C:\Users\user\AppData\Local\Temp\joblib_memmapping_folder_4896_4c173502d5814d9cabcc5b616713f614_4919774a650a4b12b8e84f6837f58e24: FileNotFoundError(2, '지정된 경로를 찾을 수 없습니다')
  warnings.warn(f"resource_tracker: {name}: {e!r}")
C:\Users\user\AppData\Local\Programs\Python\Python312\Lib\site-packages\joblib\externals\loky\backend\resource_tracker.py:375: UserWarning: resource_tracker: C:\Users\user\AppData\Local\Temp\joblib_memmapping_folder_4896_41278448cf0c4c4ca72f1146b626f6f8_f76532aa97e642f5aa6c5aa208756a8a: FileNotFoundError(2, '지정된 경로를 찾을 수 없습니다')
  warnings.warn(f"resource_tracker: {name}: {e!r}")
C:\Users\user\AppData\Local\Programs\Python\Python312\Lib\site-packages\joblib\externals\loky\backend\resource_tracker.py:375: UserWarning: resource_tracker: C:\Users\user\AppData\Local\Temp\joblib_memmapping_folder_4896_4c173502d5814d9cabcc5b616713f614_9181663607144f479a8b7e5a6dc481ea: FileNotFoundError(2, '지정된 경로를 찾을 수 없습니다')
  warnings.warn(f"resource_tracker: {name}: {e!r}")
C:\Users\user\AppData\Local\Programs\Python\Python312\Lib\site-packages\joblib\externals\loky\backend\resource_tracker.py:375: UserWarning: resource_tracker: C:\Users\user\AppData\Local\Temp\joblib_memmapping_folder_4896_c0e4ee58cd0145aeaaf802e45906e092_ee07aaf04ad049e7a57dea4c4a07863b: FileNotFoundError(2, '지정된 경로를 찾을 수 없습니다')
  warnings.warn(f"resource_tracker: {name}: {e!r}")
C:\Users\user\AppData\Local\Programs\Python\Python312\Lib\site-packages\joblib\externals\loky\backend\resource_tracker.py:375: UserWarning: resource_tracker: C:\Users\user\AppData\Local\Temp\joblib_memmapping_folder_4896_4c173502d5814d9cabcc5b616713f614_820f1ef04db14c2fb3458350e3c7c21a: FileNotFoundError(2, '지정된 경로를 찾을 수 없습니다')
  warnings.warn(f"resource_tracker: {name}: {e!r}")
C:\Users\user\AppData\Local\Programs\Python\Python312\Lib\site-packages\joblib\externals\loky\backend\resource_tracker.py:375: UserWarning: resource_tracker: C:\Users\user\AppData\Local\Temp\joblib_memmapping_folder_4896_1b0f33e97bb34df2844b5f8e8e067d96_542a3d0b58bc460ab5e55cf6cfd91648: FileNotFoundError(2, '지정된 경로를 찾을 수 없습니다')
  warnings.warn(f"resource_tracker: {name}: {e!r}")
C:\Users\user\AppData\Local\Programs\Python\Python312\Lib\site-packages\joblib\externals\loky\backend\resource_tracker.py:375: UserWarning: resource_tracker: C:\Users\user\AppData\Local\Temp\joblib_memmapping_folder_4896_4c173502d5814d9cabcc5b616713f614_2a47fb2e5f654d6ab5c59dabecf16dbf: FileNotFoundError(2, '지정된 경로를 찾을 수 없습니다')
  warnings.warn(f"resource_tracker: {name}: {e!r}")
C:\Users\user\AppData\Local\Programs\Python\Python312\Lib\site-packages\joblib\externals\loky\backend\resource_tracker.py:375: UserWarning: resource_tracker: C:\Users\user\AppData\Local\Temp\joblib_memmapping_folder_4896_76714e407ca04eb3928cf2023821b6ba_947dbea8c3964405878e522f3ce42f5b: FileNotFoundError(2, '지정된 경로를 찾을 수 없습니다')
  warnings.warn(f"resource_tracker: {name}: {e!r}")
C:\Users\user\AppData\Local\Programs\Python\Python312\Lib\site-packages\joblib\externals\loky\backend\resource_tracker.py:375: UserWarning: resource_tracker: C:\Users\user\AppData\Local\Temp\joblib_memmapping_folder_4896_4c173502d5814d9cabcc5b616713f614_a5443a490335447698ae9e14a18bcc9e: FileNotFoundError(2, '지정된 경로를 찾을 수 없습니다')
  warnings.warn(f"resource_tracker: {name}: {e!r}")
C:\Users\user\AppData\Local\Programs\Python\Python312\Lib\site-packages\joblib\externals\loky\backend\resource_tracker.py:375: UserWarning: resource_tracker: C:\Users\user\AppData\Local\Temp\joblib_memmapping_folder_4896_f76ee6047f6146f799db6ba37f2a31e4_49db7a1b697942ae987f6bed353033b0: FileNotFoundError(2, '지정된 경로를 찾을 수 없습니다')
  warnings.warn(f"resource_tracker: {name}: {e!r}")
C:\Users\user\AppData\Local\Programs\Python\Python312\Lib\site-packages\joblib\externals\loky\backend\resource_tracker.py:375: UserWarning: resource_tracker: C:\Users\user\AppData\Local\Temp\joblib_memmapping_folder_4896_4c173502d5814d9cabcc5b616713f614_4a6cb4d41d564c9182ff000b44d6e39c: FileNotFoundError(2, '지정된 경로를 찾을 수 없습니다')
  warnings.warn(f"resource_tracker: {name}: {e!r}")
C:\Users\user\AppData\Local\Programs\Python\Python312\Lib\site-packages\joblib\externals\loky\backend\resource_tracker.py:375: UserWarning: resource_tracker: C:\Users\user\AppData\Local\Temp\joblib_memmapping_folder_4896_580b278da89347f3bfdef82f7f9d46c7_0998e39cc7d448ce876902eef99710b0: FileNotFoundError(2, '지정된 경로를 찾을 수 없습니다')
  warnings.warn(f"resource_tracker: {name}: {e!r}")
C:\Users\user\AppData\Local\Programs\Python\Python312\Lib\site-packages\joblib\externals\loky\backend\resource_tracker.py:375: UserWarning: resource_tracker: C:\Users\user\AppData\Local\Temp\joblib_memmapping_folder_4896_4c173502d5814d9cabcc5b616713f614_7e2df754d7c44b5ba1f4391260f4f00b: FileNotFoundError(2, '지정된 경로를 찾을 수 없습니다')
  warnings.warn(f"resource_tracker: {name}: {e!r}")
C:\Users\user\AppData\Local\Programs\Python\Python312\Lib\site-packages\joblib\externals\loky\backend\resource_tracker.py:375: UserWarning: resource_tracker: C:\Users\user\AppData\Local\Temp\joblib_memmapping_folder_4896_38f0c3c95164487ca45dd1315098887b_4693da0c16404965abf4855e3632b4f7: FileNotFoundError(2, '지정된 경로를 찾을 수 없습니다')
  warnings.warn(f"resource_tracker: {name}: {e!r}")
C:\Users\user\AppData\Local\Programs\Python\Python312\Lib\site-packages\joblib\externals\loky\backend\resource_tracker.py:375: UserWarning: resource_tracker: C:\Users\user\AppData\Local\Temp\joblib_memmapping_folder_4896_4c173502d5814d9cabcc5b616713f614_58ef9975a0bb4b69a7e53c4ac57a163d: FileNotFoundError(2, '지정된 경로를 찾을 수 없습니다')
  warnings.warn(f"resource_tracker: {name}: {e!r}")
C:\Users\user\AppData\Local\Programs\Python\Python312\Lib\site-packages\joblib\externals\loky\backend\resource_tracker.py:375: UserWarning: resource_tracker: C:\Users\user\AppData\Local\Temp\joblib_memmapping_folder_4896_e15def503aaa4535b5e4eaab2b380faa_c32c87fa1d644ef097b378577bada16e: FileNotFoundError(2, '지정된 경로를 찾을 수 없습니다')
  warnings.warn(f"resource_tracker: {name}: {e!r}")
C:\Users\user\AppData\Local\Programs\Python\Python312\Lib\site-packages\joblib\externals\loky\backend\resource_tracker.py:375: UserWarning: resource_tracker: C:\Users\user\AppData\Local\Temp\joblib_memmapping_folder_4896_4c173502d5814d9cabcc5b616713f614_e93b9f0d32e04073915525dbb9d36659: FileNotFoundError(2, '지정된 경로를 찾을 수 없습니다')
  warnings.warn(f"resource_tracker: {name}: {e!r}")
